I was unable to get the cron to run
